// Jest Snapshot v1, https://goo.gl/fbAQLP

exports[`snapshot test 1`] = `
<li
  className="value"
  key="11"
>
  <OverlayTrigger
    defaultOverlayShown={false}
    overlay={
      <Tooltip
        bsClass="tooltip"
        id="tooltip"
        placement="right"
      >
        Salad
      </Tooltip>
    }
    placement="bottom"
    trigger={
      Array [
        "hover",
        "focus",
      ]
    }
  >
    <Label
      bsStyle=""
      className=""
      key="11"
      onRemoveClick={[Function]}
      type="default"
    />
  </OverlayTrigger>
</li>
`;
