// Jest Snapshot v1, https://goo.gl/fbAQLP

exports[`TagCategory Component match snapshot 1`] = `
<ul
  className="tag-category list-inline"
>
  <div
    className="category-label"
  >
    animal
  </div>
  <li
    className="tag"
  >
    <span
      className="label label-primary"
      style={
        Object {
          "color": "defaultColor",
        }
      }
    >
      duck
      <a
        className="pf-remove-button"
        href="#"
        onClick={[Function]}
      >
        <span
          aria-hidden="true"
          className="pficon pficon-close"
        />
        <span
          className="sr-only"
        >
          Remove
        </span>
      </a>
    </span>
  </li>
  <li
    className="tag"
  >
    <span
      className="label label-primary"
      style={
        Object {
          "color": "defaultColor",
        }
      }
    >
      lion
      <a
        className="pf-remove-button"
        href="#"
        onClick={[Function]}
      >
        <span
          aria-hidden="true"
          className="pficon pficon-close"
        />
        <span
          className="sr-only"
        >
          Remove
        </span>
      </a>
    </span>
  </li>
</ul>
`;
